 Ö´ÐÐ´úÂë

 Timestamp is 687cedd4 (Sun Jul 20 21:23:32 2025)

 Preferred load address is 0000000140000000

 Start         Length     Name                   Class
 0001:00000000 00001110H .text                   CODE
 0001:00001110 00000062H .text$x                 CODE
 0002:00000000 00000118H .idata$5                DATA
 0002:00000118 00000008H .CRT$XCA                DATA
 0002:00000120 00000008H .CRT$XCAA               DATA
 0002:00000128 00000008H .CRT$XCZ                DATA
 0002:00000130 00000008H .CRT$XIA                DATA
 0002:00000138 00000008H .CRT$XIAA               DATA
 0002:00000140 00000008H .CRT$XIY                DATA
 0002:00000148 00000008H .CRT$XIZ                DATA
 0002:00000150 00000036H .rdata                  DATA
 0002:00000188 00000008H .rtc$IAA                DATA
 0002:00000190 00000008H .rtc$IZZ                DATA
 0002:00000198 00000008H .rtc$TAA                DATA
 0002:000001a0 00000008H .rtc$TZZ                DATA
 0002:000001a8 000000f8H .xdata                  DATA
 0002:000002a0 00000028H .idata$2                DATA
 0002:000002c8 00000014H .idata$3                DATA
 0002:000002e0 00000118H .idata$4                DATA
 0002:000003f8 00000226H .idata$6                DATA
 0002:0000061e 00000000H .edata                  DATA
 0003:00000000 00000020H .data                   DATA
 0003:00000020 00000060H .bss                    DATA
 0004:00000000 000000f0H .pdata                  DATA

  Address         Publics by Value              Rva+Base               Lib:Object

 0000:00000000       ___safe_se_handler_table   0000000000000000     <absolute>
 0000:00000000       ___safe_se_handler_count   0000000000000000     <absolute>
 0000:00000000       __ImageBase                0000000140000000     <linker-defined>
 0001:00000000       ntdll_entry                0000000140001000 f   ShellCode_main.obj
 0001:000003c8       mytcp                      00000001400013c8 f   ShellCode_main.obj
 0001:00000624       myudp                      0000000140001624 f   ShellCode_main.obj
 0001:00000958       get_proc_address_from_hash 0000000140001958 f   ShellCode_main.obj
 0001:00000a34       ntdll_end                  0000000140001a34 f   ShellCode_main.obj
 0001:00000a40       wmain                      0000000140001a40 f   ShellCode_main.obj
 0001:00000da8       wmainCRTStartup            0000000140001da8 f   MSVCRT:wcrtexe.obj
 0001:00000dbc       ?__CxxUnhandledExceptionFilter@@YAJPEAU_EXCEPTION_POINTERS@@@Z 0000000140001dbc f   MSVCRT:unhandld.obj
 0001:00000e00       __CxxSetUnhandledExceptionFilter 0000000140001e00 f   MSVCRT:unhandld.obj
 0001:00000e18       _amsg_exit                 0000000140001e18 f   MSVCRT:MSVCR100.dll
 0001:00000e20       _onexit                    0000000140001e20 f   MSVCRT:atonexit.obj
 0001:00000ed0       atexit                     0000000140001ed0 f   MSVCRT:atonexit.obj
 0001:00000ee8       _RTC_Initialize            0000000140001ee8 f   MSVCRT:_initsect_.obj
 0001:00000f20       _RTC_Terminate             0000000140001f20 f   MSVCRT:_initsect_.obj
 0001:00000f58       __C_specific_handler       0000000140001f58 f   MSVCRT:MSVCR100.dll
 0001:00000f5e       _XcptFilter                0000000140001f5e f   MSVCRT:MSVCR100.dll
 0001:00000f70       _ValidateImageBase         0000000140001f70 f   MSVCRT:pesect.obj
 0001:00000fa0       _FindPESection             0000000140001fa0 f   MSVCRT:pesect.obj
 0001:00000ff0       _IsNonwritableInCurrentImage 0000000140001ff0 f   MSVCRT:pesect.obj
 0001:00001032       _initterm                  0000000140002032 f   MSVCRT:MSVCR100.dll
 0001:00001038       _initterm_e                0000000140002038 f   MSVCRT:MSVCR100.dll
 0001:00001040       _wsetargv                  0000000140002040 f   MSVCRT:wdllargv.obj
 0001:00001040       _matherr                   0000000140002040 f   MSVCRT:merr.obj
 0001:00001044       __security_init_cookie     0000000140002044 f   MSVCRT:gs_support.obj
 0001:000010f8       ?terminate@@YAXXZ          00000001400020f8 f   MSVCRT:MSVCR100.dll
 0001:000010fe       _unlock                    00000001400020fe f   MSVCRT:MSVCR100.dll
 0001:00001104       __dllonexit                0000000140002104 f   MSVCRT:MSVCR100.dll
 0001:0000110a       _lock                      000000014000210a f   MSVCRT:MSVCR100.dll
 0002:00000000       __imp_WriteFile            0000000140003000     kernel32:KERNEL32.dll
 0002:00000008       __imp_CreateFileW          0000000140003008     kernel32:KERNEL32.dll
 0002:00000010       __imp_FlushFileBuffers     0000000140003010     kernel32:KERNEL32.dll
 0002:00000018       __imp_CloseHandle          0000000140003018     kernel32:KERNEL32.dll
 0002:00000020       __imp_GetCurrentProcessId  0000000140003020     kernel32:KERNEL32.dll
 0002:00000028       __imp_GetCurrentThreadId   0000000140003028     kernel32:KERNEL32.dll
 0002:00000030       __imp_GetTickCount         0000000140003030     kernel32:KERNEL32.dll
 0002:00000038       __imp_QueryPerformanceCounter 0000000140003038     kernel32:KERNEL32.dll
 0002:00000040       __imp_DecodePointer        0000000140003040     kernel32:KERNEL32.dll
 0002:00000048       __imp_SetUnhandledExceptionFilter 0000000140003048     kernel32:KERNEL32.dll
 0002:00000050       __imp_EncodePointer        0000000140003050     kernel32:KERNEL32.dll
 0002:00000058       __imp_Sleep                0000000140003058     kernel32:KERNEL32.dll
 0002:00000060       __imp_GetSystemTimeAsFileTime 0000000140003060     kernel32:KERNEL32.dll
 0002:00000068       \177KERNEL32_NULL_THUNK_DATA 0000000140003068     kernel32:KERNEL32.dll
 0002:00000070       __imp__initterm_e          0000000140003070     MSVCRT:MSVCR100.dll
 0002:00000078       __imp__configthreadlocale  0000000140003078     MSVCRT:MSVCR100.dll
 0002:00000080       __imp___setusermatherr     0000000140003080     MSVCRT:MSVCR100.dll
 0002:00000088       __imp__initterm            0000000140003088     MSVCRT:MSVCR100.dll
 0002:00000090       __imp__fmode               0000000140003090     MSVCRT:MSVCR100.dll
 0002:00000098       __imp___set_app_type       0000000140003098     MSVCRT:MSVCR100.dll
 0002:000000a0       __imp_?terminate@@YAXXZ    00000001400030a0     MSVCRT:MSVCR100.dll
 0002:000000a8       __imp__unlock              00000001400030a8     MSVCRT:MSVCR100.dll
 0002:000000b0       __imp___dllonexit          00000001400030b0     MSVCRT:MSVCR100.dll
 0002:000000b8       __imp__lock                00000001400030b8     MSVCRT:MSVCR100.dll
 0002:000000c0       __imp__onexit              00000001400030c0     MSVCRT:MSVCR100.dll
 0002:000000c8       __imp___winitenv           00000001400030c8     MSVCRT:MSVCR100.dll
 0002:000000d0       __imp_exit                 00000001400030d0     MSVCRT:MSVCR100.dll
 0002:000000d8       __imp__cexit               00000001400030d8     MSVCRT:MSVCR100.dll
 0002:000000e0       __imp__exit                00000001400030e0     MSVCRT:MSVCR100.dll
 0002:000000e8       __imp__XcptFilter          00000001400030e8     MSVCRT:MSVCR100.dll
 0002:000000f0       __imp___C_specific_handler 00000001400030f0     MSVCRT:MSVCR100.dll
 0002:000000f8       __imp___wgetmainargs       00000001400030f8     MSVCRT:MSVCR100.dll
 0002:00000100       __imp__amsg_exit           0000000140003100     MSVCRT:MSVCR100.dll
 0002:00000108       __imp__commode             0000000140003108     MSVCRT:MSVCR100.dll
 0002:00000110       \177MSVCR100_NULL_THUNK_DATA 0000000140003110     MSVCRT:MSVCR100.dll
 0002:00000118       __xc_a                     0000000140003118     MSVCRT:cinitexe.obj
 0002:00000128       __xc_z                     0000000140003128     MSVCRT:cinitexe.obj
 0002:00000130       __xi_a                     0000000140003130     MSVCRT:cinitexe.obj
 0002:00000148       __xi_z                     0000000140003148     MSVCRT:cinitexe.obj
 0002:00000150       ??_C@_1DG@OCGMFFMG@?$AA?4?$AA?4?$AA?2?$AA?4?$AA?4?$AA?2?$AAx?$AA6?$AA4?$AA?2?$AAR?$AAe?$AAl?$AAe?$AAa?$AAs?$AAe?$AA?2bg?$IILN?cx?$AB?$AA?4?$AAd?$AAl?$AAl?$AA?$AA@ 0000000140003150     ShellCode_main.obj
 0002:00000188       __rtc_iaa                  0000000140003188     MSVCRT:_initsect_.obj
 0002:00000190       __rtc_izz                  0000000140003190     MSVCRT:_initsect_.obj
 0002:00000198       __rtc_taa                  0000000140003198     MSVCRT:_initsect_.obj
 0002:000001a0       __rtc_tzz                  00000001400031a0     MSVCRT:_initsect_.obj
 0002:000002a0       __IMPORT_DESCRIPTOR_KERNEL32 00000001400032a0     kernel32:KERNEL32.dll
 0002:000002b4       __IMPORT_DESCRIPTOR_MSVCR100 00000001400032b4     MSVCRT:MSVCR100.dll
 0002:000002c8       __NULL_IMPORT_DESCRIPTOR   00000001400032c8     kernel32:KERNEL32.dll
 0003:00000000       __native_dllmain_reason    0000000140004000     MSVCRT:natstart.obj
 0003:00000004       __native_vcclrit_reason    0000000140004004     MSVCRT:natstart.obj
 0003:00000008       __globallocalestatus       0000000140004008     MSVCRT:xthdloc.obj
 0003:0000000c       __defaultmatherr           000000014000400c     MSVCRT:merr.obj
 0003:00000010       __security_cookie          0000000140004010     MSVCRT:gs_cookie.obj
 0003:00000018       __security_cookie_complement 0000000140004018     MSVCRT:gs_cookie.obj
 0003:00000048       _dowildcard                0000000140004048     MSVCRT:wildcard.obj
 0003:0000004c       _newmode                   000000014000404c     MSVCRT:_newmode.obj
 0003:00000050       _commode                   0000000140004050     MSVCRT:xncommod.obj
 0003:00000054       _fmode                     0000000140004054     MSVCRT:xtxtmode.obj
 0003:00000058       __native_startup_state     0000000140004058     <common>
 0003:00000060       __native_startup_lock      0000000140004060     <common>
 0003:00000068       __onexitend                0000000140004068     <common>
 0003:00000070       __onexitbegin              0000000140004070     <common>
 0003:00000078       __dyn_tls_init_callback    0000000140004078     <common>

 entry point at        0001:00000da8

 Static symbols

 0001:00000af0       pre_cpp_init               0000000140001af0 f   MSVCRT:wcrtexe.obj
 0001:00000b58       __tmainCRTStartup          0000000140001b58 f   MSVCRT:wcrtexe.obj
 0001:00000cd8       pre_c_init                 0000000140001cd8 f   MSVCRT:wcrtexe.obj
 0001:00001110       __tmainCRTStartup$filt$0   0000000140002110 f   MSVCRT:wcrtexe.obj
 0001:0000112e       _onexit$fin$0              000000014000212e f   MSVCRT:atonexit.obj
 0001:00001150       _IsNonwritableInCurrentImage$filt$0 0000000140002150 f   MSVCRT:pesect.obj
