 Ö´ÐÐ´úÂë

 Timestamp is 687ced6f (Sun Jul 20 21:21:51 2025)

 Preferred load address is 00400000

 Start         Length     Name                   Class
 0001:00000000 0000105cH .text                   CODE
 0002:00000000 000000b4H .idata$5                DATA
 0002:000000b4 00000004H .CRT$XCA                DATA
 0002:000000b8 00000004H .CRT$XCAA               DATA
 0002:000000bc 00000004H .CRT$XCZ                DATA
 0002:000000c0 00000004H .CRT$XIA                DATA
 0002:000000c4 00000004H .CRT$XIAA               DATA
 0002:000000c8 00000004H .CRT$XIY                DATA
 0002:000000cc 00000004H .CRT$XIZ                DATA
 0002:000000d0 00000080H .rdata                  DATA
 0002:00000150 00000004H .rdata$sxdata           DATA
 0002:00000154 00000004H .rtc$IAA                DATA
 0002:00000158 00000004H .rtc$IZZ                DATA
 0002:0000015c 00000004H .rtc$TAA                DATA
 0002:00000160 00000004H .rtc$TZZ                DATA
 0002:00000168 0000005cH .xdata$x                DATA
 0002:000001c4 00000028H .idata$2                DATA
 0002:000001ec 00000014H .idata$3                DATA
 0002:00000200 000000b4H .idata$4                DATA
 0002:000002b4 00000302H .idata$6                DATA
 0002:000005b6 00000000H .edata                  DATA
 0003:00000000 00000020H .data                   DATA
 0003:00000020 0000036cH .bss                    DATA

  Address         Publics by Value              Rva+Base       Lib:Object

 0000:00000001       ___safe_se_handler_count   00000001     <absolute>
 0000:00000000       ___ImageBase               00400000     <linker-defined>
 0001:00000000       _ntdll_entry               00401000 f   ShellCode_main.obj
 0001:0000033a       _mytcp                     0040133a f   ShellCode_main.obj
 0001:000004dc       _myudp                     004014dc f   ShellCode_main.obj
 0001:00000740       ?geteip32@@YAKXZ           00401740 f   ShellCode_main.obj
 0001:00000744       _get_proc_address_from_hash 00401744 f   ShellCode_main.obj
 0001:000007f4       _ntdll_end                 004017f4 f   ShellCode_main.obj
 0001:00000800       _wmain                     00401800 f   ShellCode_main.obj
 0001:00000afb       _wmainCRTStartup           00401afb f   MSVCRT:wcrtexe.obj
 0001:00000b05       ?__CxxUnhandledExceptionFilter@@YGJPAU_EXCEPTION_POINTERS@@@Z 00401b05 f   MSVCRT:unhandld.obj
 0001:00000b47       ___CxxSetUnhandledExceptionFilter 00401b47 f   MSVCRT:unhandld.obj
 0001:00000b56       __amsg_exit                00401b56 f   MSVCRT:MSVCR100.dll
 0001:00000b5c       __onexit                   00401b5c f   MSVCRT:atonexit.obj
 0001:00000bfd       _atexit                    00401bfd f   MSVCRT:atonexit.obj
 0001:00000c14       __RTC_Initialize           00401c14 f   MSVCRT:_initsect_.obj
 0001:00000c3a       __RTC_Terminate            00401c3a f   MSVCRT:_initsect_.obj
 0001:00000c60       __XcptFilter               00401c60 f   MSVCRT:MSVCR100.dll
 0001:00000c70       __ValidateImageBase        00401c70 f   MSVCRT:pesect.obj
 0001:00000cb0       __FindPESection            00401cb0 f   MSVCRT:pesect.obj
 0001:00000d00       __IsNonwritableInCurrentImage 00401d00 f   MSVCRT:pesect.obj
 0001:00000dbc       __initterm                 00401dbc f   MSVCRT:MSVCR100.dll
 0001:00000dc2       __initterm_e               00401dc2 f   MSVCRT:MSVCR100.dll
 0001:00000dd0       __SEH_prolog4              00401dd0 f   MSVCRT:sehprolg4.obj
 0001:00000e15       __SEH_epilog4              00401e15 f   MSVCRT:sehprolg4.obj
 0001:00000e29       __except_handler4          00401e29 f   MSVCRT:chandler4gs.obj
 0001:00000e4e       __setdefaultprecision      00401e4e f   MSVCRT:fp8.obj
 0001:00000e76       __wsetargv                 00401e76 f   MSVCRT:wdllargv.obj
 0001:00000e76       __matherr                  00401e76 f   MSVCRT:merr.obj
 0001:00000e79       ___security_init_cookie    00401e79 f   MSVCRT:gs_support.obj
 0001:00000f14       ?terminate@@YAXXZ          00401f14 f   MSVCRT:MSVCR100.dll
 0001:00000f1a       __unlock                   00401f1a f   MSVCRT:MSVCR100.dll
 0001:00000f20       ___dllonexit               00401f20 f   MSVCRT:MSVCR100.dll
 0001:00000f26       __lock                     00401f26 f   MSVCRT:MSVCR100.dll
 0001:00000f2c       @__security_check_cookie@4 00401f2c f   MSVCRT:secchk.obj
 0001:00000f3c       __except_handler4_common   00401f3c f   MSVCRT:MSVCR100.dll
 0001:00000f42       __invoke_watson            00401f42 f   MSVCRT:MSVCR100.dll
 0001:00000f48       __controlfp_s              00401f48 f   MSVCRT:MSVCR100.dll
 0001:00000f4f       ___report_gsfailure        00401f4f f   MSVCRT:gs_report.obj
 0001:00001056       __crt_debugger_hook        00402056 f   MSVCRT:MSVCR100.dll
 0002:00000000       __imp__WriteFile@20        00403000     kernel32:KERNEL32.dll
 0002:00000004       __imp__CreateFileW@28      00403004     kernel32:KERNEL32.dll
 0002:00000008       __imp__FlushFileBuffers@4  00403008     kernel32:KERNEL32.dll
 0002:0000000c       __imp__CloseHandle@4       0040300c     kernel32:KERNEL32.dll
 0002:00000010       __imp__UnhandledExceptionFilter@4 00403010     kernel32:KERNEL32.dll
 0002:00000014       __imp__GetCurrentProcess@0 00403014     kernel32:KERNEL32.dll
 0002:00000018       __imp__TerminateProcess@8  00403018     kernel32:KERNEL32.dll
 0002:0000001c       __imp__GetSystemTimeAsFileTime@4 0040301c     kernel32:KERNEL32.dll
 0002:00000020       __imp__GetCurrentProcessId@0 00403020     kernel32:KERNEL32.dll
 0002:00000024       __imp__GetCurrentThreadId@0 00403024     kernel32:KERNEL32.dll
 0002:00000028       __imp__GetTickCount@0      00403028     kernel32:KERNEL32.dll
 0002:0000002c       __imp__QueryPerformanceCounter@4 0040302c     kernel32:KERNEL32.dll
 0002:00000030       __imp__DecodePointer@4     00403030     kernel32:KERNEL32.dll
 0002:00000034       __imp__SetUnhandledExceptionFilter@4 00403034     kernel32:KERNEL32.dll
 0002:00000038       __imp__EncodePointer@4     00403038     kernel32:KERNEL32.dll
 0002:0000003c       __imp__HeapSetInformation@16 0040303c     kernel32:KERNEL32.dll
 0002:00000040       __imp__InterlockedCompareExchange@12 00403040     kernel32:KERNEL32.dll
 0002:00000044       __imp__Sleep@4             00403044     kernel32:KERNEL32.dll
 0002:00000048       __imp__InterlockedExchange@8 00403048     kernel32:KERNEL32.dll
 0002:0000004c       __imp__IsDebuggerPresent@0 0040304c     kernel32:KERNEL32.dll
 0002:00000050       \177KERNEL32_NULL_THUNK_DATA 00403050     kernel32:KERNEL32.dll
 0002:00000054       __imp____dllonexit         00403054     MSVCRT:MSVCR100.dll
 0002:00000058       __imp___unlock             00403058     MSVCRT:MSVCR100.dll
 0002:0000005c       __imp___onexit             0040305c     MSVCRT:MSVCR100.dll
 0002:00000060       __imp___except_handler4_common 00403060     MSVCRT:MSVCR100.dll
 0002:00000064       __imp___invoke_watson      00403064     MSVCRT:MSVCR100.dll
 0002:00000068       __imp___controlfp_s        00403068     MSVCRT:MSVCR100.dll
 0002:0000006c       __imp___crt_debugger_hook  0040306c     MSVCRT:MSVCR100.dll
 0002:00000070       __imp_?terminate@@YAXXZ    00403070     MSVCRT:MSVCR100.dll
 0002:00000074       __imp____set_app_type      00403074     MSVCRT:MSVCR100.dll
 0002:00000078       __imp___fmode              00403078     MSVCRT:MSVCR100.dll
 0002:0000007c       __imp___commode            0040307c     MSVCRT:MSVCR100.dll
 0002:00000080       __imp____setusermatherr    00403080     MSVCRT:MSVCR100.dll
 0002:00000084       __imp___configthreadlocale 00403084     MSVCRT:MSVCR100.dll
 0002:00000088       __imp___initterm_e         00403088     MSVCRT:MSVCR100.dll
 0002:0000008c       __imp___initterm           0040308c     MSVCRT:MSVCR100.dll
 0002:00000090       __imp____winitenv          00403090     MSVCRT:MSVCR100.dll
 0002:00000094       __imp__exit                00403094     MSVCRT:MSVCR100.dll
 0002:00000098       __imp___XcptFilter         00403098     MSVCRT:MSVCR100.dll
 0002:0000009c       __imp___exit               0040309c     MSVCRT:MSVCR100.dll
 0002:000000a0       __imp___cexit              004030a0     MSVCRT:MSVCR100.dll
 0002:000000a4       __imp____wgetmainargs      004030a4     MSVCRT:MSVCR100.dll
 0002:000000a8       __imp___amsg_exit          004030a8     MSVCRT:MSVCR100.dll
 0002:000000ac       __imp___lock               004030ac     MSVCRT:MSVCR100.dll
 0002:000000b0       \177MSVCR100_NULL_THUNK_DATA 004030b0     MSVCRT:MSVCR100.dll
 0002:000000b4       ___xc_a                    004030b4     MSVCRT:cinitexe.obj
 0002:000000bc       ___xc_z                    004030bc     MSVCRT:cinitexe.obj
 0002:000000c0       ___xi_a                    004030c0     MSVCRT:cinitexe.obj
 0002:000000cc       ___xi_z                    004030cc     MSVCRT:cinitexe.obj
 0002:000000d8       ??_C@_1CO@ENBEMGAA@?$AA?4?$AA?4?$AA?2?$AA?4?$AA?4?$AA?2?$AAR?$AAe?$AAl?$AAe?$AAa?$AAs?$AAe?$AA?2bg?$IILN?cx?$AB?$AA?4?$AAd?$AAl?$AAl?$AA?$AA@ 004030d8     ShellCode_main.obj
 0002:00000108       __load_config_used         00403108     MSVCRT:loadcfg.obj
 0002:00000150       ___safe_se_handler_table   00403150     <linker-defined>
 0002:00000154       ___rtc_iaa                 00403154     MSVCRT:_initsect_.obj
 0002:00000158       ___rtc_izz                 00403158     MSVCRT:_initsect_.obj
 0002:0000015c       ___rtc_taa                 0040315c     MSVCRT:_initsect_.obj
 0002:00000160       ___rtc_tzz                 00403160     MSVCRT:_initsect_.obj
 0002:000001c4       __IMPORT_DESCRIPTOR_KERNEL32 004031c4     kernel32:KERNEL32.dll
 0002:000001d8       __IMPORT_DESCRIPTOR_MSVCR100 004031d8     MSVCRT:MSVCR100.dll
 0002:000001ec       __NULL_IMPORT_DESCRIPTOR   004031ec     kernel32:KERNEL32.dll
 0003:00000000       ___native_dllmain_reason   00404000     MSVCRT:natstart.obj
 0003:00000004       ___native_vcclrit_reason   00404004     MSVCRT:natstart.obj
 0003:00000010       ___globallocalestatus      00404010     MSVCRT:xthdloc.obj
 0003:00000014       ___defaultmatherr          00404014     MSVCRT:merr.obj
 0003:00000018       ___security_cookie         00404018     MSVCRT:gs_cookie.obj
 0003:0000001c       ___security_cookie_complement 0040401c     MSVCRT:gs_cookie.obj
 0003:00000040       __dowildcard               00404040     MSVCRT:wildcard.obj
 0003:00000044       __newmode                  00404044     MSVCRT:_newmode.obj
 0003:00000048       __commode                  00404048     MSVCRT:xncommod.obj
 0003:0000004c       __fmode                    0040404c     MSVCRT:xtxtmode.obj
 0003:00000374       ___native_startup_state    00404374     <common>
 0003:00000378       ___native_startup_lock     00404378     <common>
 0003:0000037c       ___onexitend               0040437c     <common>
 0003:00000380       ___onexitbegin             00404380     <common>
 0003:00000384       __NoHeapEnableTerminationOnCorruption 00404384     <common>
 0003:00000388       ___dyn_tls_init_callback   00404388     <common>

 entry point at        0001:00000afb

 Static symbols

 0001:0000086d       _pre_cpp_init              0040186d f   MSVCRT:wcrtexe.obj
 0001:000008b8       ___tmainCRTStartup         004018b8 f   MSVCRT:wcrtexe.obj
 0001:00000a41       _pre_c_init                00401a41 f   MSVCRT:wcrtexe.obj
